// Jest Snapshot v1, https://goo.gl/fbAQLP

exports[`Test Articles List rendering options It should match snapshot 1`] = `
Array [
  <header
    className="css-1gw4kos"
  >
    <h1
      className="css-1ilhfkm"
    >
      Newspaper
    </h1>
  </header>,
  <main
    className="css-8u1dut"
  >
    <aside
      className="css-6p15e3"
    >
      <p>
        Failed to fetch data
      </p>
    </aside>
    <article
      className="css-6p15e3"
    >
      <header
        className="css-rg0tw2"
      >
        <h1
          className="css-q28qg0"
        />
        <h2
          className="css-q28qg0"
        >
           Author: 
          Unknown
           
        </h2>
        <small
          className="css-0"
        >
          Published at: 
          Invalid Date
        </small>
      </header>
      <img
        className="css-1t0xj7x"
      />
      <p
        className="css-1k46fjq"
      />
      <footer
        className="css-0"
      >
        Source:
        <a
          className="css-hnw5at"
          target="_blank"
        />
      </footer>
    </article>
  </main>,
  <footer
    className="css-1npnmb4"
  >
    <p
      className="css-0"
    >
      Created by: Barbier
    </p>
  </footer>,
]
`;
